This is pdfTeX, Version 3.141592653-2.6-1.40.25 (MiKTeX 24.1) (preloaded format=pdflatex 2025.10.30)  30 OCT 2025 19:36
entering extended mode
 restricted \write18 enabled.
 file:line:error style messages enabled.
 %&-line parsing enabled.
**"c:/Users/JaimeAndresRiascosSa/OneDrive - IUE/Documents/PhD/Action_Words/BCI_AW_MO_MI/plos_latex_template.tex"
(c:/Users/JaimeAndresRiascosSa/OneDrive - IUE/Documents/PhD/Action_Words/BCI_AW_MO_MI/plos_latex_template.tex
LaTeX2e <2023-11-01> patch level 1
L3 programming layer <2024-01-04>
(C:\Users\JaimeAndresRiascosSa\AppData\Local\Programs\MiKTeX\tex/latex/base\article.cls
Document Class: article 2023/05/17 v1.4n Standard LaTeX document class
(C:\Users\JaimeAndresRiascosSa\AppData\Local\Programs\MiKTeX\tex/latex/base\size10.clo
File: size10.clo 2023/05/17 v1.4n Standard LaTeX file (size option)
)
\c@part=\count187
\c@section=\count188
\c@subsection=\count189
\c@subsubsection=\count190
\c@paragraph=\count191
\c@subparagraph=\count192
\c@figure=\count193
\c@table=\count194
\abovecaptionskip=\skip48
\belowcaptionskip=\skip49
\bibindent=\dimen140
) (C:\Users\JaimeAndresRiascosSa\AppData\Local\Programs\MiKTeX\tex/latex/geometry\geometry.sty
Package: geometry 2020/01/02 v5.9 Page Geometry
 (C:\Users\JaimeAndresRiascosSa\AppData\Local\Programs\MiKTeX\tex/latex/graphics\keyval.sty
Package: keyval 2022/05/29 v1.15 key=value parser (DPC)
\KV@toks@=\toks17
) (C:\Users\JaimeAndresRiascosSa\AppData\Local\Programs\MiKTeX\tex/generic/iftex\ifvtex.sty
Package: ifvtex 2019/10/25 v1.7 ifvtex legacy package. Use iftex instead.
 (C:\Users\JaimeAndresRiascosSa\AppData\Local\Programs\MiKTeX\tex/generic/iftex\iftex.sty
Package: iftex 2022/02/03 v1.0f TeX engine tests
))
\Gm@cnth=\count195
\Gm@cntv=\count196
\c@Gm@tempcnt=\count197
\Gm@bindingoffset=\dimen141
\Gm@wd@mp=\dimen142
\Gm@odd@mp=\dimen143
\Gm@even@mp=\dimen144
\Gm@layoutwidth=\dimen145
\Gm@layoutheight=\dimen146
\Gm@layouthoffset=\dimen147
\Gm@layoutvoffset=\dimen148
\Gm@dimlist=\toks18
 (C:\Users\JaimeAndresRiascosSa\AppData\Local\Programs\MiKTeX\tex/latex/geometry\geometry.cfg)) (C:\Users\JaimeAndresRiascosSa\AppData\Local\Programs\MiKTeX\tex/latex/graphics\lscape.sty
Package: lscape 2020/05/28 v3.02 Landscape Pages (DPC)
 (C:\Users\JaimeAndresRiascosSa\AppData\Local\Programs\MiKTeX\tex/latex/graphics\graphics.sty
Package: graphics 2022/03/10 v1.4e Standard LaTeX Graphics (DPC,SPQR)
 (C:\Users\JaimeAndresRiascosSa\AppData\Local\Programs\MiKTeX\tex/latex/graphics\trig.sty
Package: trig 2021/08/11 v1.11 sin cos tan (DPC)
) (C:\Users\JaimeAndresRiascosSa\AppData\Local\Programs\MiKTeX\tex/latex/graphics-cfg\graphics.cfg
File: graphics.cfg 2016/06/04 v1.11 sample graphics configuration
)
Package graphics Info: Driver file: pdftex.def on input line 107.
 (C:\Users\JaimeAndresRiascosSa\AppData\Local\Programs\MiKTeX\tex/latex/graphics-def\pdftex.def
File: pdftex.def 2022/09/22 v1.2b Graphics/color driver for pdftex
))) (C:\Users\JaimeAndresRiascosSa\AppData\Local\Programs\MiKTeX\tex/latex/colortbl\colortbl.sty
Package: colortbl 2024/10/29 v1.0k Color table columns (DPC)
 (C:\Users\JaimeAndresRiascosSa\AppData\Local\Programs\MiKTeX\tex/latex/tools\array.sty
Package: array 2023/10/16 v2.5g Tabular extension package (FMi)
\col@sep=\dimen149
\ar@mcellbox=\box51
\extrarowheight=\dimen150
\NC@list=\toks19
\extratabsurround=\skip50
\backup@length=\skip51
\ar@cellbox=\box52
) (C:\Users\JaimeAndresRiascosSa\AppData\Local\Programs\MiKTeX\tex/latex/graphics\color.sty
Package: color 2022/01/06 v1.3d Standard LaTeX Color (DPC)
 (C:\Users\JaimeAndresRiascosSa\AppData\Local\Programs\MiKTeX\tex/latex/graphics-cfg\color.cfg
File: color.cfg 2016/01/02 v1.6 sample color configuration
)
Package color Info: Driver file: pdftex.def on input line 149.
 (C:\Users\JaimeAndresRiascosSa\AppData\Local\Programs\MiKTeX\tex/latex/graphics\mathcolor.ltx))
\everycr=\toks20
\minrowclearance=\skip52
\rownum=\count198
) (C:\Users\JaimeAndresRiascosSa\AppData\Local\Programs\MiKTeX\tex/latex/xcolor\xcolor.sty
Package: xcolor 2023/11/15 v3.01 LaTeX color extensions (UK)
 (C:\Users\JaimeAndresRiascosSa\AppData\Local\Programs\MiKTeX\tex/latex/graphics-cfg\color.cfg
File: color.cfg 2016/01/02 v1.6 sample color configuration
)
Package xcolor Info: Driver file: pdftex.def on input line 274.
LaTeX Info: Redefining \color on input line 758.
 (C:\Users\JaimeAndresRiascosSa\AppData\Local\Programs\MiKTeX\tex/latex/graphics\mathcolor.ltx)
Package xcolor Info: Model `cmy' substituted by `cmy0' on input line 1350.
Package xcolor Info: Model `hsb' substituted by `rgb' on input line 1354.
Package xcolor Info: Model `RGB' extended on input line 1366.
Package xcolor Info: Model `HTML' substituted by `rgb' on input line 1368.
Package xcolor Info: Model `Hsb' substituted by `hsb' on input line 1369.
Package xcolor Info: Model `tHsb' substituted by `hsb' on input line 1370.
Package xcolor Info: Model `HSB' substituted by `hsb' on input line 1371.
Package xcolor Info: Model `Gray' substituted by `gray' on input line 1372.
Package xcolor Info: Model `wave' substituted by `hsb' on input line 1373.
) (C:\Users\JaimeAndresRiascosSa\AppData\Local\Programs\MiKTeX\tex/latex/booktabs\booktabs.sty
Package: booktabs 2020/01/12 v1.61803398 Publication quality tables
\heavyrulewidth=\dimen151
\lightrulewidth=\dimen152
\cmidrulewidth=\dimen153
\belowrulesep=\dimen154
\belowbottomsep=\dimen155
\aboverulesep=\dimen156
\abovetopsep=\dimen157
\cmidrulesep=\dimen158
\cmidrulekern=\dimen159
\defaultaddspace=\dimen160
\@cmidla=\count199
\@cmidlb=\count266
\@aboverulesep=\dimen161
\@belowrulesep=\dimen162
\@thisruleclass=\count267
\@lastruleclass=\count268
\@thisrulewidth=\dimen163
) (C:\Users\JaimeAndresRiascosSa\AppData\Local\Programs\MiKTeX\tex/latex/amsmath\amsmath.sty
Package: amsmath 2023/05/13 v2.17o AMS math features
\@mathmargin=\skip53

For additional information on amsmath, use the `?' option.
(C:\Users\JaimeAndresRiascosSa\AppData\Local\Programs\MiKTeX\tex/latex/amsmath\amstext.sty
Package: amstext 2021/08/26 v2.01 AMS text
 (C:\Users\JaimeAndresRiascosSa\AppData\Local\Programs\MiKTeX\tex/latex/amsmath\amsgen.sty
File: amsgen.sty 1999/11/30 v2.0 generic functions
\@emptytoks=\toks21
\ex@=\dimen164
)) (C:\Users\JaimeAndresRiascosSa\AppData\Local\Programs\MiKTeX\tex/latex/amsmath\amsbsy.sty
Package: amsbsy 1999/11/29 v1.2d Bold Symbols
\pmbraise@=\dimen165
) (C:\Users\JaimeAndresRiascosSa\AppData\Local\Programs\MiKTeX\tex/latex/amsmath\amsopn.sty
Package: amsopn 2022/04/08 v2.04 operator names
)
\inf@bad=\count269
LaTeX Info: Redefining \frac on input line 234.
\uproot@=\count270
\leftroot@=\count271
LaTeX Info: Redefining \overline on input line 399.
LaTeX Info: Redefining \colon on input line 410.
\classnum@=\count272
\DOTSCASE@=\count273
LaTeX Info: Redefining \ldots on input line 496.
LaTeX Info: Redefining \dots on input line 499.
LaTeX Info: Redefining \cdots on input line 620.
\Mathstrutbox@=\box53
\strutbox@=\box54
LaTeX Info: Redefining \big on input line 722.
LaTeX Info: Redefining \Big on input line 723.
LaTeX Info: Redefining \bigg on input line 724.
LaTeX Info: Redefining \Bigg on input line 725.
\big@size=\dimen166
LaTeX Font Info:    Redeclaring font encoding OML on input line 743.
LaTeX Font Info:    Redeclaring font encoding OMS on input line 744.
\macc@depth=\count274
LaTeX Info: Redefining \bmod on input line 905.
LaTeX Info: Redefining \pmod on input line 910.
LaTeX Info: Redefining \smash on input line 940.
LaTeX Info: Redefining \relbar on input line 970.
LaTeX Info: Redefining \Relbar on input line 971.
\c@MaxMatrixCols=\count275
\dotsspace@=\muskip16
\c@parentequation=\count276
\dspbrk@lvl=\count277
\tag@help=\toks22
\row@=\count278
\column@=\count279
\maxfields@=\count280
\andhelp@=\toks23
\eqnshift@=\dimen167
\alignsep@=\dimen168
\tagshift@=\dimen169
\tagwidth@=\dimen170
\totwidth@=\dimen171
\lineht@=\dimen172
\@envbody=\toks24
\multlinegap=\skip54
\multlinetaggap=\skip55
\mathdisplay@stack=\toks25
LaTeX Info: Redefining \[ on input line 2953.
LaTeX Info: Redefining \] on input line 2954.
) (C:\Users\JaimeAndresRiascosSa\AppData\Local\Programs\MiKTeX\tex/latex/amsfonts\amssymb.sty
Package: amssymb 2013/01/14 v3.01 AMS font symbols
 (C:\Users\JaimeAndresRiascosSa\AppData\Local\Programs\MiKTeX\tex/latex/amsfonts\amsfonts.sty
Package: amsfonts 2013/01/14 v3.01 Basic AMSFonts support
\symAMSa=\mathgroup4
\symAMSb=\mathgroup5
LaTeX Font Info:    Redeclaring math symbol \hbar on input line 98.
LaTeX Font Info:    Overwriting math alphabet `\mathfrak' in version `bold'
(Font)                  U/euf/m/n --> U/euf/b/n on input line 106.
)) (C:\Users\JaimeAndresRiascosSa\AppData\Local\Programs\MiKTeX\tex/latex/changepage\changepage.sty
Package: changepage 2009/10/20 v1.0c check page and change page layout
\c@cp@cntr=\count281
\cp@tempcnt=\count282
) (C:\Users\JaimeAndresRiascosSa\AppData\Local\Programs\MiKTeX\tex/latex/base\textcomp.sty
Package: textcomp 2020/02/02 v2.0n Standard LaTeX package
) (C:\Users\JaimeAndresRiascosSa\AppData\Local\Programs\MiKTeX\tex/latex/marvosym\marvosym.sty
Package: marvosym 2011/07/20 v2.2 Martin Vogel's Symbols font definitions
) (C:\Users\JaimeAndresRiascosSa\AppData\Local\Programs\MiKTeX\tex/latex/cite\cite.sty
LaTeX Info: Redefining \cite on input line 302.
LaTeX Info: Redefining \nocite on input line 332.
Package: cite 2015/02/27  v 5.5
) (C:\Users\JaimeAndresRiascosSa\AppData\Local\Programs\MiKTeX\tex/latex/hyperref\nameref.sty
Package: nameref 2023-11-26 v2.56 Cross-referencing by name of section
 (C:\Users\JaimeAndresRiascosSa\AppData\Local\Programs\MiKTeX\tex/latex/refcount\refcount.sty
Package: refcount 2019/12/15 v3.6 Data extraction from label references (HO)
 (C:\Users\JaimeAndresRiascosSa\AppData\Local\Programs\MiKTeX\tex/generic/ltxcmds\ltxcmds.sty
Package: ltxcmds 2023-12-04 v1.26 LaTeX kernel commands for general use (HO)
) (C:\Users\JaimeAndresRiascosSa\AppData\Local\Programs\MiKTeX\tex/generic/infwarerr\infwarerr.sty
Package: infwarerr 2019/12/03 v1.5 Providing info/warning/error messages (HO)
)) (C:\Users\JaimeAndresRiascosSa\AppData\Local\Programs\MiKTeX\tex/generic/gettitlestring\gettitlestring.sty
Package: gettitlestring 2019/12/15 v1.6 Cleanup title references (HO)
 (C:\Users\JaimeAndresRiascosSa\AppData\Local\Programs\MiKTeX\tex/latex/kvoptions\kvoptions.sty
Package: kvoptions 2022-06-15 v3.15 Key value format for package options (HO)
 (C:\Users\JaimeAndresRiascosSa\AppData\Local\Programs\MiKTeX\tex/latex/kvsetkeys\kvsetkeys.sty
Package: kvsetkeys 2022-10-05 v1.19 Key value parser (HO)
)))
\c@section@level=\count283
) (C:\Users\JaimeAndresRiascosSa\AppData\Local\Programs\MiKTeX\tex/latex/hyperref\hyperref.sty
Package: hyperref 2023-11-26 v7.01g Hypertext links for LaTeX
 (C:\Users\JaimeAndresRiascosSa\AppData\Local\Programs\MiKTeX\tex/generic/kvdefinekeys\kvdefinekeys.sty
Package: kvdefinekeys 2019-12-19 v1.6 Define keys (HO)
) (C:\Users\JaimeAndresRiascosSa\AppData\Local\Programs\MiKTeX\tex/generic/pdfescape\pdfescape.sty
Package: pdfescape 2019/12/09 v1.15 Implements pdfTeX's escape features (HO)
 (C:\Users\JaimeAndresRiascosSa\AppData\Local\Programs\MiKTeX\tex/generic/pdftexcmds\pdftexcmds.sty
Package: pdftexcmds 2020-06-27 v0.33 Utility functions of pdfTeX for LuaTeX (HO)
Package pdftexcmds Info: \pdf@primitive is available.
Package pdftexcmds Info: \pdf@ifprimitive is available.
Package pdftexcmds Info: \pdfdraftmode found.
)) (C:\Users\JaimeAndresRiascosSa\AppData\Local\Programs\MiKTeX\tex/latex/hycolor\hycolor.sty
Package: hycolor 2020-01-27 v1.10 Color options for hyperref/bookmark (HO)
) (C:\Users\JaimeAndresRiascosSa\AppData\Local\Programs\MiKTeX\tex/latex/letltxmacro\letltxmacro.sty
Package: letltxmacro 2019/12/03 v1.6 Let assignment for LaTeX macros (HO)
) (C:\Users\JaimeAndresRiascosSa\AppData\Local\Programs\MiKTeX\tex/latex/auxhook\auxhook.sty
Package: auxhook 2019-12-17 v1.6 Hooks for auxiliary files (HO)
) (C:\Users\JaimeAndresRiascosSa\AppData\Local\Programs\MiKTeX\tex/latex/etoolbox\etoolbox.sty
Package: etoolbox 2020/10/05 v2.5k e-TeX tools for LaTeX (JAW)
\etb@tempcnta=\count284
)
\@linkdim=\dimen173
\Hy@linkcounter=\count285
\Hy@pagecounter=\count286
 (C:\Users\JaimeAndresRiascosSa\AppData\Local\Programs\MiKTeX\tex/latex/hyperref\pd1enc.def
File: pd1enc.def 2023-11-26 v7.01g Hyperref: PDFDocEncoding definition (HO)
Now handling font encoding PD1 ...
... no UTF-8 mapping file for font encoding PD1
) (C:\Users\JaimeAndresRiascosSa\AppData\Local\Programs\MiKTeX\tex/generic/intcalc\intcalc.sty
Package: intcalc 2019/12/15 v1.3 Expandable calculations with integers (HO)
)
\Hy@SavedSpaceFactor=\count287
 (C:\Users\JaimeAndresRiascosSa\AppData\Local\Programs\MiKTeX\tex/latex/hyperref\puenc.def
File: puenc.def 2023-11-26 v7.01g Hyperref: PDF Unicode definition (HO)
Now handling font encoding PU ...
... no UTF-8 mapping file for font encoding PU
)
Package hyperref Info: Hyper figures OFF on input line 4181.
Package hyperref Info: Link nesting OFF on input line 4186.
Package hyperref Info: Hyper index ON on input line 4189.
Package hyperref Info: Plain pages OFF on input line 4196.
Package hyperref Info: Backreferencing OFF on input line 4201.
Package hyperref Info: Implicit mode ON; LaTeX internals redefined.
Package hyperref Info: Bookmarks ON on input line 4448.
\c@Hy@tempcnt=\count288
 (C:\Users\JaimeAndresRiascosSa\AppData\Local\Programs\MiKTeX\tex/latex/url\url.sty
\Urlmuskip=\muskip17
Package: url 2013/09/16  ver 3.4  Verb mode for urls, etc.
)
LaTeX Info: Redefining \url on input line 4786.
\XeTeXLinkMargin=\dimen174
 (C:\Users\JaimeAndresRiascosSa\AppData\Local\Programs\MiKTeX\tex/generic/bitset\bitset.sty
Package: bitset 2019/12/09 v1.3 Handle bit-vector datatype (HO)
 (C:\Users\JaimeAndresRiascosSa\AppData\Local\Programs\MiKTeX\tex/generic/bigintcalc\bigintcalc.sty
Package: bigintcalc 2019/12/15 v1.5 Expandable calculations on big integers (HO)
))
\Fld@menulength=\count289
\Field@Width=\dimen175
\Fld@charsize=\dimen176
Package hyperref Info: Hyper figures OFF on input line 6065.
Package hyperref Info: Link nesting OFF on input line 6070.
Package hyperref Info: Hyper index ON on input line 6073.
Package hyperref Info: backreferencing OFF on input line 6080.
Package hyperref Info: Link coloring OFF on input line 6085.
Package hyperref Info: Link coloring with OCG OFF on input line 6090.
Package hyperref Info: PDF/A mode OFF on input line 6095.
 (C:\Users\JaimeAndresRiascosSa\AppData\Local\Programs\MiKTeX\tex/latex/base\atbegshi-ltx.sty
Package: atbegshi-ltx 2021/01/10 v1.0c Emulation of the original atbegshi
package with kernel methods
)
\Hy@abspage=\count290
\c@Item=\count291
\c@Hfootnote=\count292
)
Package hyperref Info: Driver (autodetected): hpdftex.
 (C:\Users\JaimeAndresRiascosSa\AppData\Local\Programs\MiKTeX\tex/latex/hyperref\hpdftex.def
File: hpdftex.def 2023-11-26 v7.01g Hyperref driver for pdfTeX
 (C:\Users\JaimeAndresRiascosSa\AppData\Local\Programs\MiKTeX\tex/latex/base\atveryend-ltx.sty
Package: atveryend-ltx 2020/08/19 v1.0a Emulation of the original atveryend package
with kernel methods
)
\Fld@listcount=\count293
\c@bookmark@seq@number=\count294
 (C:\Users\JaimeAndresRiascosSa\AppData\Local\Programs\MiKTeX\tex/latex/rerunfilecheck\rerunfilecheck.sty
Package: rerunfilecheck 2025-06-21 v1.11 Rerun checks for auxiliary files (HO)
 (C:\Users\JaimeAndresRiascosSa\AppData\Local\Programs\MiKTeX\tex/generic/uniquecounter\uniquecounter.sty
Package: uniquecounter 2019/12/15 v1.4 Provide unlimited unique counter (HO)
)
Package uniquecounter Info: New unique counter `rerunfilecheck' on input line 284.
)
\Hy@SectionHShift=\skip56
) (C:\Users\JaimeAndresRiascosSa\AppData\Local\Programs\MiKTeX\tex/latex/lineno\lineno.sty
Package: lineno 2025/05/13 line numbers on paragraphs v5.5
\linenopenalty=\count295
\output=\toks26
\linenoprevgraf=\count296
\linenumbersep=\dimen177
\linenumberwidth=\dimen178
\c@linenumber=\count297
\c@pagewiselinenumber=\count298
\c@LN@truepage=\count299
\c@internallinenumber=\count300
\c@internallinenumbers=\count301
\quotelinenumbersep=\dimen179
\bframerule=\dimen180
\bframesep=\dimen181
\bframebox=\box55
\@LN@amsmath@ams@eqpen=\count302
) (C:\Users\JaimeAndresRiascosSa\AppData\Local\Programs\MiKTeX\tex/latex/microtype\microtype.sty
Package: microtype 2025/07/09 v3.2b Micro-typographical refinements (RS)
\MT@toks=\toks27
\MT@tempbox=\box56
\MT@count=\count303
LaTeX Info: Redefining \noprotrusionifhmode on input line 1087.
LaTeX Info: Redefining \leftprotrusion on input line 1088.
\MT@prot@toks=\toks28
LaTeX Info: Redefining \rightprotrusion on input line 1107.
LaTeX Info: Redefining \textls on input line 1449.
\MT@outer@kern=\dimen182
LaTeX Info: Redefining \microtypecontext on input line 2053.
LaTeX Info: Redefining \textmicrotypecontext on input line 2070.
\MT@listname@count=\count304
 (C:\Users\JaimeAndresRiascosSa\AppData\Local\Programs\MiKTeX\tex/latex/microtype\microtype-pdftex.def
File: microtype-pdftex.def 2025/07/09 v3.2b Definitions specific to pdftex (RS)
LaTeX Info: Redefining \lsstyle on input line 944.
LaTeX Info: Redefining \lslig on input line 944.
\MT@outer@space=\skip57
)
Package microtype Info: Loading configuration file microtype.cfg.
 (C:\Users\JaimeAndresRiascosSa\AppData\Local\Programs\MiKTeX\tex/latex/microtype\microtype.cfg
File: microtype.cfg 2025/07/09 v3.2b microtype main configuration file (RS)
)
LaTeX Info: Redefining \microtypesetup on input line 3065.
) (C:\Users\JaimeAndresRiascosSa\AppData\Local\Programs\MiKTeX\tex/latex/tools\longtable.sty
Package: longtable 2023-11-01 v4.19 Multi-page Table package (DPC)
\LTleft=\skip58
\LTright=\skip59
\LTpre=\skip60
\LTpost=\skip61
\LTchunksize=\count305
\LTcapwidth=\dimen183
\LT@head=\box57
\LT@firsthead=\box58
\LT@foot=\box59
\LT@lastfoot=\box60
\LT@gbox=\box61
\LT@cols=\count306
\LT@rows=\count307
\c@LT@tables=\count308
\c@LT@chunks=\count309
\LT@p@ftn=\toks29
)
\savedwidth=\skip62
 (C:\Users\JaimeAndresRiascosSa\AppData\Local\Programs\MiKTeX\tex/latex/caption\caption.sty
Package: caption 2023/08/05 v3.6o Customizing captions (AR)
 (C:\Users\JaimeAndresRiascosSa\AppData\Local\Programs\MiKTeX\tex/latex/caption\caption3.sty
Package: caption3 2023/07/31 v2.4d caption3 kernel (AR)
\caption@tempdima=\dimen184
\captionmargin=\dimen185
\caption@leftmargin=\dimen186
\caption@rightmargin=\dimen187
\caption@width=\dimen188
\caption@indent=\dimen189
\caption@parindent=\dimen190
\caption@hangindent=\dimen191
Package caption Info: Standard document class detected.
)
\c@caption@flags=\count310
\c@continuedfloat=\count311
Package caption Info: changepage package is loaded.
\caption@adjustwidth@hsize=\dimen192
\caption@adjustwidth@linewidth=\dimen193
Package caption Info: hyperref package is loaded.
Package caption Info: longtable package is loaded.
 (C:\Users\JaimeAndresRiascosSa\AppData\Local\Programs\MiKTeX\tex/latex/caption\ltcaption.sty
Package: ltcaption 2021/01/08 v1.4c longtable captions (AR)
)) (C:\Users\JaimeAndresRiascosSa\AppData\Local\Programs\MiKTeX\tex/latex/lastpage\lastpage.sty
Package: lastpage 2025/08/14 v2.1h lastpage: 2.09 or 2e? (HMM)
 (C:\Users\JaimeAndresRiascosSa\AppData\Local\Programs\MiKTeX\tex/latex/lastpage\lastpage2e.sty
Package: lastpage2e 2025/08/14 v2.1h Decide which 2e lastpage version to use (HMM)
 (C:\Users\JaimeAndresRiascosSa\AppData\Local\Programs\MiKTeX\tex/latex/lastpage\lastpageclassic.sty
Package: lastpageclassic 2025/08/14 v2.1h Refers to last page's name (HMM; JPG)
) 
)) (C:\Users\JaimeAndresRiascosSa\AppData\Local\Programs\MiKTeX\tex/latex/fancyhdr\fancyhdr.sty
Package: fancyhdr 2025/02/07 v5.2 Extensive control of page headers and footers
\f@nch@headwidth=\skip63
\f@nch@offset@elh=\skip64
\f@nch@offset@erh=\skip65
\f@nch@offset@olh=\skip66
\f@nch@offset@orh=\skip67
\f@nch@offset@elf=\skip68
\f@nch@offset@erf=\skip69
\f@nch@offset@olf=\skip70
\f@nch@offset@orf=\skip71
\f@nch@height=\skip72
\f@nch@footalignment=\skip73
\f@nch@widthL=\skip74
\f@nch@widthC=\skip75
\f@nch@widthR=\skip76
\@temptokenb=\toks30
) (C:\Users\JaimeAndresRiascosSa\AppData\Local\Programs\MiKTeX\tex/latex/graphics\graphicx.sty
Package: graphicx 2021/09/16 v1.2d Enhanced LaTeX Graphics (DPC,SPQR)
\Gin@req@height=\dimen194
\Gin@req@width=\dimen195
) (C:\Users\JaimeAndresRiascosSa\AppData\Local\Programs\MiKTeX\tex/latex/epstopdf-pkg\epstopdf.sty
Package: epstopdf 2020-01-24 v2.11 Conversion with epstopdf on the fly (HO)
 (C:\Users\JaimeAndresRiascosSa\AppData\Local\Programs\MiKTeX\tex/latex/grfext\grfext.sty
Package: grfext 2019/12/03 v1.3 Manage graphics extensions (HO)
) (C:\Users\JaimeAndresRiascosSa\AppData\Local\Programs\MiKTeX\tex/latex/epstopdf-pkg\epstopdf-base.sty
Package: epstopdf-base 2020-01-24 v2.11 Base part for package epstopdf
Package epstopdf-base Info: Redefining graphics rule for `.eps' on input line 485.
Package grfext Info: Graphics extension search list:
(grfext)             [.pdf,.png,.jpg,.mps,.jpeg,.jbig2,.jb2,.PDF,.PNG,.JPG,.JPEG,.JBIG2,.JB2,.eps]
(grfext)             \AppendGraphicsExtensions on input line 504.
 (C:\Users\JaimeAndresRiascosSa\AppData\Local\Programs\MiKTeX\tex/latex/00miktex\epstopdf-sys.cfg
File: epstopdf-sys.cfg 2021/03/18 v2.0 Configuration of epstopdf for MiKTeX
))) (C:\Users\JaimeAndresRiascosSa\AppData\Local\Programs\MiKTeX\tex/latex/l3backend\l3backend-pdftex.def
File: l3backend-pdftex.def 2024-01-04 L3 backend support: PDF output (pdfTeX)
\l__color_backend_stack_int=\count312
\l__pdf_internal_box=\box62
) (plos_latex_template.aux

LaTeX Warning: Label `timing_protocol' multiply defined.


LaTeX Warning: Label `timing_protocol' multiply defined.


LaTeX Warning: Label `timing_protocol' multiply defined.


LaTeX Warning: Label `timing_protocol' multiply defined.


LaTeX Warning: Label `timing_protocol' multiply defined.


LaTeX Warning: Label `timing_protocol' multiply defined.


LaTeX Warning: Label `timing_protocol' multiply defined.


LaTeX Warning: Label `timing_protocol' multiply defined.


LaTeX Warning: Label `timing_protocol' multiply defined.

)
\openout1 = `plos_latex_template.aux'.

LaTeX Font Info:    Checking defaults for OML/cmm/m/it on input line 179.
LaTeX Font Info:    ... okay on input line 179.
LaTeX Font Info:    Checking defaults for OMS/cmsy/m/n on input line 179.
LaTeX Font Info:    ... okay on input line 179.
LaTeX Font Info:    Checking defaults for OT1/cmr/m/n on input line 179.
LaTeX Font Info:    ... okay on input line 179.
LaTeX Font Info:    Checking defaults for T1/cmr/m/n on input line 179.
LaTeX Font Info:    ... okay on input line 179.
LaTeX Font Info:    Checking defaults for TS1/cmr/m/n on input line 179.
LaTeX Font Info:    ... okay on input line 179.
LaTeX Font Info:    Checking defaults for OMX/cmex/m/n on input line 179.
LaTeX Font Info:    ... okay on input line 179.
LaTeX Font Info:    Checking defaults for U/cmr/m/n on input line 179.
LaTeX Font Info:    ... okay on input line 179.
LaTeX Font Info:    Checking defaults for PD1/pdf/m/n on input line 179.
LaTeX Font Info:    ... okay on input line 179.
LaTeX Font Info:    Checking defaults for PU/pdf/m/n on input line 179.
LaTeX Font Info:    ... okay on input line 179.

*geometry* driver: auto-detecting
*geometry* detected driver: pdftex
*geometry* verbose mode - [ preamble ] result:
* driver: pdftex
* paper: letterpaper
* layout: <same size as paper>
* layoutoffset:(h,v)=(0.0pt,0.0pt)
* modes: 
* h-part:(L,W,R)=(198.7425pt, 323.40732pt, 92.14519pt)
* v-part:(T,H,B)=(61.42993pt, 638.14268pt, 95.39737pt)
* \paperwidth=614.295pt
* \paperheight=794.96999pt
* \textwidth=379.4175pt
* \textheight=632.36249pt
* \oddsidemargin=126.4725pt
* \evensidemargin=126.4725pt
* \topmargin=-47.84006pt
* \headheight=12.0pt
* \headsep=25.0pt
* \topskip=10.0pt
* \footskip=54.2025pt
* \marginparwidth=65.0pt
* \marginparsep=11.0pt
* \columnsep=10.0pt
* \skip\footins=9.0pt plus 4.0pt minus 2.0pt
* \hoffset=0.0pt
* \voffset=0.0pt
* \mag=1000
* \@twocolumnfalse
* \@twosidefalse
* \@mparswitchfalse
* \@reversemarginfalse
* (1in=72.27pt=25.4mm, 1cm=28.453pt)

(C:\Users\JaimeAndresRiascosSa\AppData\Local\Programs\MiKTeX\tex/context/base/mkii\supp-pdf.mkii
[Loading MPS to PDF converter (version 2006.09.02).]
\scratchcounter=\count313
\scratchdimen=\dimen196
\scratchbox=\box63
\nofMPsegments=\count314
\nofMParguments=\count315
\everyMPshowfont=\toks31
\MPscratchCnt=\count316
\MPscratchDim=\dimen197
\MPnumerator=\count317
\makeMPintoPDFobject=\count318
\everyMPtoPDFconversion=\toks32
)
Package hyperref Info: Link coloring OFF on input line 179.
 (plos_latex_template.out) (plos_latex_template.out)
\@outlinefile=\write3
\openout3 = `plos_latex_template.out'.

LaTeX Info: Redefining \microtypecontext on input line 179.
Package microtype Info: Applying patch `item' on input line 179.
Package microtype Info: Applying patch `toc' on input line 179.
Package microtype Info: Applying patch `footnote' on input line 179.
Package microtype Info: Applying patch `verbatim' on input line 179.
LaTeX Info: Redefining \microtypesetup on input line 179.
Package microtype Info: Generating PDF output.
Package microtype Info: Character protrusion enabled (level 2).
Package microtype Info: Using default protrusion set `alltext'.
Package microtype Info: Automatic font expansion enabled (level 2),
(microtype)             stretch: 20, shrink: 20, step: 1, non-selected.
Package microtype Info: Using default expansion set `alltext-nott'.
Package microtype Info: Patching command `\showhyphens'.
Package microtype Info: No adjustment of tracking.
Package microtype Info: No adjustment of interword spacing.
Package microtype Info: No adjustment of character kerning.
 (C:\Users\JaimeAndresRiascosSa\AppData\Local\Programs\MiKTeX\tex/latex/microtype\mt-cmr.cfg
File: mt-cmr.cfg 2013/05/19 v2.2 microtype config. file: Computer Modern Roman (RS)
)
Package caption Info: Begin \AtBeginDocument code.
Package caption Info: End \AtBeginDocument code.
LaTeX Font Info:    Trying to load font information for U+msa on input line 190.
 (C:\Users\JaimeAndresRiascosSa\AppData\Local\Programs\MiKTeX\tex/latex/amsfonts\umsa.fd
File: umsa.fd 2013/01/14 v3.01 AMS symbols A
) (C:\Users\JaimeAndresRiascosSa\AppData\Local\Programs\MiKTeX\tex/latex/microtype\mt-msa.cfg
File: mt-msa.cfg 2006/02/04 v1.1 microtype config. file: AMS symbols (a) (RS)
)
LaTeX Font Info:    Trying to load font information for U+msb on input line 190.
 (C:\Users\JaimeAndresRiascosSa\AppData\Local\Programs\MiKTeX\tex/latex/amsfonts\umsb.fd
File: umsb.fd 2013/01/14 v3.01 AMS symbols B
) (C:\Users\JaimeAndresRiascosSa\AppData\Local\Programs\MiKTeX\tex/latex/microtype\mt-msb.cfg
File: mt-msb.cfg 2005/06/01 v1.0 microtype config. file: AMS symbols (b) (RS)
)
LaTeX Font Info:    Trying to load font information for U+mvs on input line 190.
 (C:\Users\JaimeAndresRiascosSa\AppData\Local\Programs\MiKTeX\tex/latex/marvosym\umvs.fd) (C:\Users\JaimeAndresRiascosSa\AppData\Local\Programs\MiKTeX\tex/latex/microtype\mt-mvs.cfg
File: mt-mvs.cfg 2006/07/05 v1.1 microtype config. file: Marvosym Euro (RS)
)
Package microtype Info: Loading generic protrusion settings for font family
(microtype)             `cmss' (encoding: OT1).
(microtype)             For optimal results, create family-specific settings.
(microtype)             See the microtype manual for details.
 [1

{C:/Users/JaimeAndresRiascosSa/AppData/Local/MiKTeX/fonts/map/pdftex/pdftex.map}] [2]
<Figures/sensorimotor_plot.png, id=83, 995.72pt x 360.34625pt>
File: Figures/sensorimotor_plot.png Graphic file (type png)
<use Figures/sensorimotor_plot.png>
Package pdftex.def Info: Figures/sensorimotor_plot.png  used on input line 277.
(pdftex.def)             Requested size: 379.4175pt x 137.31238pt.
 [3 <./Figures/sensorimotor_plot.png>]

LaTeX Warning: Citation `Neuper38' on page 4 undefined on input line 292.

<Figures/BCI_AW_MI_MO.png, id=93, 304.9794pt x 123.5817pt>
File: Figures/BCI_AW_MI_MO.png Graphic file (type png)
<use Figures/BCI_AW_MI_MO.png>
Package pdftex.def Info: Figures/BCI_AW_MI_MO.png  used on input line 297.
(pdftex.def)             Requested size: 379.4175pt x 153.74883pt.
[4 <./Figures/BCI_AW_MI_MO.png>]

LaTeX Warning: Citation `delorme46' on page 5 undefined on input line 313.


LaTeX Warning: Citation `makotopipeline' on page 5 undefined on input line 313.

[5] [6]
Package epstopdf Info: Source file: <Figures/AW_MI_MO_ARMS_LEGS_ERSP.eps>
(epstopdf)                    date: 2025-10-20 05:36:50
(epstopdf)                    size: 4248835 bytes
(epstopdf)             Output file: <Figures/AW_MI_MO_ARMS_LEGS_ERSP-eps-converted-to.pdf>
(epstopdf)                    date: 2025-10-20 06:31:07
(epstopdf)                    size: 903480 bytes
(epstopdf)             Command: <miktex-epstopdf --outfile=Figures/AW_MI_MO_ARMS_LEGS_ERSP-eps-converted-to.pdf Figures/AW_MI_MO_ARMS_LEGS_ERSP.eps>
(epstopdf)             \includegraphics on input line 349.
Package epstopdf Info: Output file is already uptodate.
<Figures/AW_MI_MO_ARMS_LEGS_ERSP-eps-converted-to.pdf, id=112, 981.6675pt x 343.2825pt>
File: Figures/AW_MI_MO_ARMS_LEGS_ERSP-eps-converted-to.pdf Graphic file (type pdf)
<use Figures/AW_MI_MO_ARMS_LEGS_ERSP-eps-converted-to.pdf>
Package pdftex.def Info: Figures/AW_MI_MO_ARMS_LEGS_ERSP-eps-converted-to.pdf  used on input line 349.
(pdftex.def)             Requested size: 379.4175pt x 132.68011pt.
Package epstopdf Info: Source file: <Figures/AW_MI_MO_ARM_LEG_foof_CH.eps>
(epstopdf)                    date: 2025-10-30 16:02:11
(epstopdf)                    size: 8226407 bytes
(epstopdf)             Output file: <Figures/AW_MI_MO_ARM_LEG_foof_CH-eps-converted-to.pdf>
(epstopdf)                    date: 2025-10-30 16:03:31
(epstopdf)                    size: 220358 bytes
(epstopdf)             Command: <miktex-epstopdf --outfile=Figures/AW_MI_MO_ARM_LEG_foof_CH-eps-converted-to.pdf Figures/AW_MI_MO_ARM_LEG_foof_CH.eps>
(epstopdf)             \includegraphics on input line 360.
Package epstopdf Info: Output file is already uptodate.
<Figures/AW_MI_MO_ARM_LEG_foof_CH-eps-converted-to.pdf, id=113, 1432.35126pt x 555.07375pt>
File: Figures/AW_MI_MO_ARM_LEG_foof_CH-eps-converted-to.pdf Graphic file (type pdf)
<use Figures/AW_MI_MO_ARM_LEG_foof_CH-eps-converted-to.pdf>
Package pdftex.def Info: Figures/AW_MI_MO_ARM_LEG_foof_CH-eps-converted-to.pdf  used on input line 360.
(pdftex.def)             Requested size: 379.4175pt x 147.03455pt.


LaTeX Warning: `!h' float specifier changed to `!ht'.

Package epstopdf Info: Source file: <Figures/ERP_ARM_LEG_CH.eps>
(epstopdf)                    date: 2025-10-30 17:56:19
(epstopdf)                    size: 11908307 bytes
(epstopdf)             Output file: <Figures/ERP_ARM_LEG_CH-eps-converted-to.pdf>
(epstopdf)                    date: 2025-10-30 16:03:32
(epstopdf)                    size: 278021 bytes
(epstopdf)             Command: <miktex-epstopdf --outfile=Figures/ERP_ARM_LEG_CH-eps-converted-to.pdf Figures/ERP_ARM_LEG_CH.eps>
(epstopdf)             \includegraphics on input line 369.
runsystem(miktex-epstopdf --outfile=Figures/ERP_ARM_LEG_CH-eps-converted-to.pdf Figures/ERP_ARM_LEG_CH.eps)...executed safely (allowed).

Package epstopdf Info: Result file: <Figures/ERP_ARM_LEG_CH-eps-converted-to.pdf>
(epstopdf)                    date: 2025-10-30 19:36:12
(epstopdf)                    size: 280939 bytes.
<Figures/ERP_ARM_LEG_CH-eps-converted-to.pdf, id=114, 1626.075pt x 713.66624pt>
File: Figures/ERP_ARM_LEG_CH-eps-converted-to.pdf Graphic file (type pdf)
<use Figures/ERP_ARM_LEG_CH-eps-converted-to.pdf>
Package pdftex.def Info: Figures/ERP_ARM_LEG_CH-eps-converted-to.pdf  used on input line 369.
(pdftex.def)             Requested size: 379.4175pt x 166.51372pt.

LaTeX Warning: `!h' float specifier changed to `!ht'.

Package epstopdf Info: Source file: <Figures/TOPO_ARM_LEGS.eps>
(epstopdf)                    date: 2025-10-20 11:54:37
(epstopdf)                    size: 5079434 bytes
(epstopdf)             Output file: <Figures/TOPO_ARM_LEGS-eps-converted-to.pdf>
(epstopdf)                    date: 2025-10-24 10:51:36
(epstopdf)                    size: 615265 bytes
(epstopdf)             Command: <miktex-epstopdf --outfile=Figures/TOPO_ARM_LEGS-eps-converted-to.pdf Figures/TOPO_ARM_LEGS.eps>
(epstopdf)             \includegraphics on input line 378.
Package epstopdf Info: Output file is already uptodate.
<Figures/TOPO_ARM_LEGS-eps-converted-to.pdf, id=115, 722.7pt x 668.4975pt>
File: Figures/TOPO_ARM_LEGS-eps-converted-to.pdf Graphic file (type pdf)
<use Figures/TOPO_ARM_LEGS-eps-converted-to.pdf>
Package pdftex.def Info: Figures/TOPO_ARM_LEGS-eps-converted-to.pdf  used on input line 378.
(pdftex.def)             Requested size: 379.4175pt x 350.95624pt.

LaTeX Warning: `!h' float specifier changed to `!ht'.

<Figures/classification_rates.png, id=116, 1204.5pt x 803.0pt>
File: Figures/classification_rates.png Graphic file (type png)
<use Figures/classification_rates.png>
Package pdftex.def Info: Figures/classification_rates.png  used on input line 388.
(pdftex.def)             Requested size: 379.4175pt x 252.94633pt.

LaTeX Warning: `!h' float specifier changed to `!ht'.

<Figures/online_classification.png, id=117, 1606.0pt x 1003.75pt>
File: Figures/online_classification.png Graphic file (type png)
<use Figures/online_classification.png>
Package pdftex.def Info: Figures/online_classification.png  used on input line 397.
(pdftex.def)             Requested size: 379.4175pt x 237.13719pt.

LaTeX Warning: `!h' float specifier changed to `!ht'.

<Figures/NASA_TLX.png, id=118, 859.575pt x 469.536pt>
File: Figures/NASA_TLX.png Graphic file (type png)
<use Figures/NASA_TLX.png>
Package pdftex.def Info: Figures/NASA_TLX.png  used on input line 406.
(pdftex.def)             Requested size: 379.4175pt x 207.2556pt.

LaTeX Warning: `!h' float specifier changed to `!ht'.

<Figures/subjective_ratings.png, id=119, 672.987pt x 484.428pt>
File: Figures/subjective_ratings.png Graphic file (type png)
<use Figures/subjective_ratings.png>
Package pdftex.def Info: Figures/subjective_ratings.png  used on input line 416.
(pdftex.def)             Requested size: 379.4175pt x 273.11098pt.

LaTeX Warning: `!h' float specifier changed to `!ht'.

<Figures/corr_plot.png, id=120, 1606.0pt x 1204.5pt>
File: Figures/corr_plot.png Graphic file (type png)
<use Figures/corr_plot.png>
Package pdftex.def Info: Figures/corr_plot.png  used on input line 425.
(pdftex.def)             Requested size: 379.4175pt x 284.56464pt.

LaTeX Warning: `!h' float specifier changed to `!ht'.


LaTeX Warning: Reference `table1' on page 7 undefined on input line 432.

[7 <./Figures/AW_MI_MO_ARMS_LEGS_ERSP-eps-converted-to.pdf>] [8 <./Figures/AW_MI_MO_ARM_LEG_foof_CH-eps-converted-to.pdf> <./Figures/ERP_ARM_LEG_CH-eps-converted-to.pdf>]

LaTeX Warning: Reference `table1' on page 9 undefined on input line 477.

[9 <./Figures/TOPO_ARM_LEGS-eps-converted-to.pdf>]

LaTeX Warning: Reference `S1_Appendix' on page 10 undefined on input line 483.


LaTeX Warning: No positions in optional float specifier.
               Default added (so using `tbp') on input line 498.

[10 <./Figures/classification_rates.png>] [11 <./Figures/online_classification.png> <./Figures/NASA_TLX.png>] [12] [13] [14] [15] 
AED: lastpage setting LastPage
[16 <./Figures/subjective_ratings.png>] [17 <./Figures/corr_plot.png>] (plos_latex_template.aux)
 ***********
LaTeX2e <2023-11-01> patch level 1
L3 programming layer <2024-01-04>
 ***********


LaTeX Warning: There were undefined references.


LaTeX Warning: There were multiply-defined labels.

Package rerunfilecheck Info: File `plos_latex_template.out' has not changed.
(rerunfilecheck)             Checksum: B3C09D4EE8ACDB7BBB28085922C543A0;2004.
 ) 
Here is how much of TeX's memory you used:
 15770 strings out of 474486
 259663 string characters out of 5736674
 2005542 words of memory out of 5000000
 37669 multiletter control sequences out of 15000+600000
 566938 words of font info for 107 fonts, out of 8000000 for 9000
 1141 hyphenation exceptions out of 8191
 70i,14n,79p,1781b,596s stack positions out of 10000i,1000n,20000p,200000b,200000s
 <C:\Users\JaimeAndresRiascosSa\AppData\Local\MiKTeX\fonts/pk/ljfour/jknappen/ec/dpi600\tcrm1000.pk> <C:\Users\JaimeAndresRiascosSa\AppData\Local\MiKTeX\fonts/pk/ljfour/jknappen/ec/dpi600\tcrm0700.pk><C:/Users/JaimeAndresRiascosSa/AppData/Local/Programs/MiKTeX/fonts/type1/public/amsfonts/cm/cmbx10.pfb><C:/Users/JaimeAndresRiascosSa/AppData/Local/Programs/MiKTeX/fonts/type1/public/amsfonts/cm/cmbx12.pfb><C:/Users/JaimeAndresRiascosSa/AppData/Local/Programs/MiKTeX/fonts/type1/public/amsfonts/cm/cmex10.pfb><C:/Users/JaimeAndresRiascosSa/AppData/Local/Programs/MiKTeX/fonts/type1/public/amsfonts/cm/cmmi10.pfb><C:/Users/JaimeAndresRiascosSa/AppData/Local/Programs/MiKTeX/fonts/type1/public/amsfonts/cm/cmmi5.pfb><C:/Users/JaimeAndresRiascosSa/AppData/Local/Programs/MiKTeX/fonts/type1/public/amsfonts/cm/cmmi7.pfb><C:/Users/JaimeAndresRiascosSa/AppData/Local/Programs/MiKTeX/fonts/type1/public/amsfonts/cm/cmr10.pfb><C:/Users/JaimeAndresRiascosSa/AppData/Local/Programs/MiKTeX/fonts/type1/public/amsfonts/cm/cmr12.pfb><C:/Users/JaimeAndresRiascosSa/AppData/Local/Programs/MiKTeX/fonts/type1/public/amsfonts/cm/cmr7.pfb><C:/Users/JaimeAndresRiascosSa/AppData/Local/Programs/MiKTeX/fonts/type1/public/amsfonts/cm/cmss8.pfb><C:/Users/JaimeAndresRiascosSa/AppData/Local/Programs/MiKTeX/fonts/type1/public/amsfonts/cm/cmsy10.pfb><C:/Users/JaimeAndresRiascosSa/AppData/Local/Programs/MiKTeX/fonts/type1/public/amsfonts/cm/cmsy5.pfb><C:/Users/JaimeAndresRiascosSa/AppData/Local/Programs/MiKTeX/fonts/type1/public/amsfonts/cm/cmti10.pfb><C:/Users/JaimeAndresRiascosSa/AppData/Local/Programs/MiKTeX/fonts/type1/public/marvosym/marvosym.pfb>
Output written on plos_latex_template.pdf (17 pages, 2851236 bytes).
PDF statistics:
 533 PDF objects out of 1000 (max. 8388607)
 68 named destinations out of 1000 (max. 500000)
 28808 words of extra memory for PDF output out of 29859 (max. 10000000)

